2026-08-15 15:16:09,912 - INFO - Программа запущена, данные считаны.
2026-08-15 15:16:12,130 - INFO - Пользователь вышел из программы.
15.08.2026 15:17:13 - INFO - Программа запущена, данные считаны.
15.08.2026 15:17:14 - INFO - Данные считаны.
15.08.2026 15:17:20 - INFO - Вывод файлов
15.08.2026 15:17:21 - INFO - Пользователь вышел из программы.
15.08.2026 15:58:38 - INFO - Программа запущена, данные считаны.
15.08.2026 15:58:43 - INFO - Пользователь вышел из программы.
15.08.2026 16:12:58 - INFO - Программа запущена, данные считаны.
15.08.2026 16:13:01 - INFO - Пользователь вышел из программы.
15.08.2026 17:46:03 - INFO - Программа запущена, данные считаны.
15.08.2026 17:46:07 - INFO - Данные считаны.
15.08.2026 17:46:12 - INFO - Вывод файлов
15.08.2026 17:46:12 - WARNING - Пользователь ввел неверную команду в меню.
15.08.2026 17:46:12 - WARNING - Пользователь ввел неверную команду в меню.
15.08.2026 17:46:12 - WARNING - Пользователь ввел неверную команду в меню.
15.08.2026 17:46:12 - WARNING - Пользователь ввел неверную команду в меню.
15.08.2026 17:46:12 - WARNING - Пользователь ввел неверную команду в меню.
15.08.2026 17:46:12 - WARNING - Пользователь ввел неверную команду в меню.
15.08.2026 17:46:12 - WARNING - Пользователь ввел неверную команду в меню.
15.08.2026 17:46:12 - WARNING - Пользователь ввел неверную команду в меню.
15.08.2026 17:46:12 - WARNING - Пользователь ввел неверную команду в меню.
15.08.2026 17:46:12 - WARNING - Пользователь ввел неверную команду в меню.
15.08.2026 17:46:12 - WARNING - Пользователь ввел неверную команду в меню.
15.08.2026 17:46:12 - WARNING - Пользователь ввел неверную команду в меню.
15.08.2026 17:46:12 - WARNING - Пользователь ввел неверную команду в меню.
15.08.2026 17:46:12 - WARNING - Пользователь ввел неверную команду в меню.
15.08.2026 17:46:12 - WARNING - Пользователь ввел неверную команду в меню.
15.08.2026 17:46:43 - INFO - Программа запущена, данные считаны.
15.08.2026 17:46:46 - INFO - Данные считаны.
15.08.2026 17:46:50 - INFO - Вывод файлов
15.08.2026 17:46:50 - WARNING - Пользователь ввел неверную команду в меню.
15.08.2026 17:46:50 - WARNING - Пользователь ввел неверную команду в меню.
15.08.2026 17:46:50 - WARNING - Пользователь ввел неверную команду в меню.
15.08.2026 17:46:50 - WARNING - Пользователь ввел неверную команду в меню.
15.08.2026 17:46:50 - WARNING - Пользователь ввел неверную команду в меню.
15.08.2026 17:46:50 - WARNING - Пользователь ввел неверную команду в меню.
15.08.2026 17:46:50 - WARNING - Пользователь ввел неверную команду в меню.
15.08.2026 17:46:50 - WARNING - Пользователь ввел неверную команду в меню.
15.08.2026 17:46:50 - WARNING - Пользователь ввел неверную команду в меню.
15.08.2026 17:46:50 - WARNING - Пользователь ввел неверную команду в меню.
15.08.2026 17:46:50 - WARNING - Пользователь ввел неверную команду в меню.
15.08.2026 17:46:50 - WARNING - Пользователь ввел неверную команду в меню.
15.08.2026 17:46:50 - WARNING - Пользователь ввел неверную команду в меню.
15.08.2026 17:46:50 - WARNING - Пользователь ввел неверную команду в меню.
15.08.2026 17:50:22 - INFO - Пользователь вышел из программы.
15.08.2026 17:55:30 - INFO - Программа запущена, данные считаны.
15.08.2026 17:55:33 - INFO - Данные считаны.
15.08.2026 17:55:38 - INFO - Вывод файлов
15.08.2026 17:56:29 - INFO - Программа запущена, данные считаны.
15.08.2026 17:56:31 - INFO - Данные считаны.
15.08.2026 17:56:35 - INFO - Вывод файлов
15.08.2026 17:57:00 - INFO - Программа запущена, данные считаны.
15.08.2026 17:57:02 - INFO - Данные считаны.
15.08.2026 17:57:06 - INFO - Вывод файлов
15.08.2026 17:57:49 - INFO - Пользователь вышел из программы.
15.08.2026 17:58:37 - INFO - Программа запущена, данные считаны.
15.08.2026 17:58:50 - INFO - Пользователь вышел из программы.
15.08.2026 18:00:13 - INFO - Программа запущена, данные считаны.
15.08.2026 18:00:37 - INFO - Пользователь вышел из программы.
15.08.2026 18:00:49 - INFO - Программа запущена, данные считаны.
15.08.2026 18:00:58 - INFO - Данные считаны.
15.08.2026 18:01:03 - INFO - Вывод файлов
15.08.2026 18:01:16 - INFO - Пользователь вышел из программы.
15.08.2026 18:03:53 - INFO - Программа запущена, данные считаны.
15.08.2026 18:04:26 - INFO - Данные считаны.
15.08.2026 18:04:48 - INFO - Вывод файлов
15.08.2026 18:05:24 - WARNING - Пользователь ввел неправильный статус: Даты 31.02.2026 не существует
15.08.2026 18:05:38 - INFO - Пользователь вышел в меню.
15.08.2026 18:05:44 - INFO - Пользователь вышел из программы.
15.08.2026 18:10:39 - INFO - Программа запущена, данные считаны.
15.08.2026 18:10:55 - INFO - Данные считаны.
15.08.2026 18:11:31 - INFO - Вывод файлов
15.08.2026 18:12:11 - INFO - Пользователь вышел из программы.
15.08.2026 18:43:38 - INFO - Программа запущена, данные считаны.
15.08.2026 18:44:04 - INFO - Пользователь записал новую задачу.
15.08.2026 18:44:07 - INFO - Пользователь вышел в меню.
15.08.2026 18:44:12 - INFO - Пользователь вышел из программы.
